Copyright 1986-2022 Xilinx, Inc. All Rights Reserved. Copyright 2022-2025 Advanced Micro Devices, Inc. All Rights Reserved.
---------------------------------------------------------------------------------------------------------------------------------------------
| Tool Version : Vivado v.2025.1 (win64) Build 6140274 Thu May 22 00:12:29 MDT 2025
| Date         : Tue Dec 23 20:02:00 2025
| Host         : thaituanhiep running 64-bit major release  (build 9200)
| Command      : report_control_sets -verbose -file top_control_sets_placed.rpt
| Design       : top
| Device       : xc7a35t
---------------------------------------------------------------------------------------------------------------------------------------------

Control Set Information

Table of Contents
-----------------
1. Summary
2. Histogram
3. Flip-Flop Distribution
4. Detailed Control Set Information

1. Summary
----------

+----------------------------------------------------------+-------+
|                          Status                          | Count |
+----------------------------------------------------------+-------+
| Total control sets                                       |    26 |
|    Minimum number of control sets                        |    26 |
|    Addition due to synthesis replication                 |     0 |
|    Addition due to physical synthesis replication        |     0 |
| Unused register locations in slices containing registers |    80 |
+----------------------------------------------------------+-------+
* Control sets can be merged at opt_design using control_set_merge or merge_equivalent_drivers
** Run report_qor_suggestions for automated merging and remapping suggestions


2. Histogram
------------

+--------------------+-------+
|       Fanout       | Count |
+--------------------+-------+
| Total control sets |    26 |
| >= 0 to < 4        |     1 |
| >= 4 to < 6        |     9 |
| >= 6 to < 8        |     9 |
| >= 8 to < 10       |     1 |
| >= 10 to < 12      |     1 |
| >= 12 to < 14      |     2 |
| >= 14 to < 16      |     0 |
| >= 16              |     3 |
+--------------------+-------+
* Control sets can be remapped at either synth_design or opt_design


3. Flip-Flop Distribution
-------------------------

+--------------+-----------------------+------------------------+-----------------+--------------+
| Clock Enable | Synchronous Set/Reset | Asynchronous Set/Reset | Total Registers | Total Slices |
+--------------+-----------------------+------------------------+-----------------+--------------+
| No           | No                    | No                     |             152 |           46 |
| No           | No                    | Yes                    |               0 |            0 |
| No           | Yes                   | No                     |              56 |           16 |
| Yes          | No                    | No                     |             104 |           38 |
| Yes          | No                    | Yes                    |               0 |            0 |
| Yes          | Yes                   | No                     |              24 |            9 |
+--------------+-----------------------+------------------------+-----------------+--------------+


4. Detailed Control Set Information
-----------------------------------

+----------------+---------------------------------------+---------------------------------+------------------+----------------+--------------+
|  Clock Signal  |             Enable Signal             |         Set/Reset Signal        | Slice Load Count | Bel Load Count | Bels / Slice |
+----------------+---------------------------------------+---------------------------------+------------------+----------------+--------------+
|  clk_IBUF_BUFG | u_uart_tx/tx_i_1_n_0                  |                                 |                1 |              1 |         1.00 |
|  clk_IBUF_BUFG | u_time_parse/m2[3]_i_1_n_0            |                                 |                1 |              4 |         4.00 |
|  clk_IBUF_BUFG | u_time_parse/m1[3]_i_1_n_0            |                                 |                1 |              4 |         4.00 |
|  clk_IBUF_BUFG | u_time_parse/h2[3]_i_1_n_0            |                                 |                1 |              4 |         4.00 |
|  clk_IBUF_BUFG | u_time_parse/h1[3]_i_1_n_0            |                                 |                1 |              4 |         4.00 |
|  clk_IBUF_BUFG | u_uart_rx/clk_cnt                     |                                 |                4 |              4 |         1.00 |
|  clk_IBUF_BUFG | u_fsm/btn_pulse_reg_3[0]              |                                 |                2 |              5 |         2.50 |
|  clk_IBUF_BUFG | u_time_parse/hh_reg[3]_0[0]           |                                 |                3 |              5 |         1.67 |
|  clk_IBUF_BUFG | u_uart_rx/FSM_onehot_state[4]_i_1_n_0 |                                 |                1 |              5 |         5.00 |
|  clk_IBUF_BUFG | u_tick/alarm_alert_counter0           |                                 |                2 |              5 |         2.50 |
|  clk_IBUF_BUFG | u_fsm/btn_pulse_reg_2[0]              |                                 |                2 |              6 |         3.00 |
|  clk_IBUF_BUFG | u_fsm/mode_reg[1]_2                   | u_fsm/btn_pulse_reg_4           |                2 |              6 |         3.00 |
|  clk_IBUF_BUFG | u_fsm/mode_reg[1]_3[0]                | u_stopwatch/sec[5]_i_1__0_n_0   |                2 |              6 |         3.00 |
|  clk_IBUF_BUFG | u_fsm/tick_1hz_reg[0]                 | u_time_parse/LD_OBUF[0]         |                2 |              6 |         3.00 |
|  clk_IBUF_BUFG | u_countdown/min[5]_i_1_n_0            |                                 |                2 |              6 |         3.00 |
|  clk_IBUF_BUFG | u_countdown/sec[5]_i_1_n_0            |                                 |                4 |              6 |         1.50 |
|  clk_IBUF_BUFG | u_time_parse/E[0]                     |                                 |                3 |              6 |         2.00 |
|  clk_IBUF_BUFG | u_uart_rx/clk_cnt                     | u_uart_rx/clk_cnt[8]_i_1__0_n_0 |                3 |              6 |         2.00 |
|  clk_IBUF_BUFG | u_uart_tx/shreg[6]_i_1_n_0            |                                 |                1 |              7 |         7.00 |
|  clk_IBUF_BUFG | u_uart_rx/data[7]_i_1_n_0             |                                 |                1 |              8 |         8.00 |
|  clk_IBUF_BUFG |                                       | u_uart_tx/clk_cnt[10]_i_1_n_0   |                4 |             10 |         2.50 |
|  clk_IBUF_BUFG | u_fsm/E[0]                            |                                 |                4 |             12 |         3.00 |
|  clk_IBUF_BUFG | u_time_parse/hh[5]_i_1_n_0            |                                 |                4 |             12 |         3.00 |
|  clk_IBUF_BUFG |                                       | u_seg/clear                     |                5 |             19 |         3.80 |
|  clk_IBUF_BUFG |                                       | u_tick/counter[26]_i_1_n_0      |                7 |             27 |         3.86 |
|  clk_IBUF_BUFG |                                       |                                 |               46 |            152 |         3.30 |
+----------------+---------------------------------------+---------------------------------+------------------+----------------+--------------+


