#-----------------------------------------------------------
# Vivado v2025.1 (64-bit)
# SW Build 6140274 on Thu May 22 00:12:29 MDT 2025
# IP Build 6138677 on Thu May 22 03:10:11 MDT 2025
# SharedData Build 6139179 on Tue May 20 17:58:58 MDT 2025
# Start of session at: Sat Nov 29 18:31:06 2025
# Process ID         : 16628
# Current directory  : C:/Users/thait/project_9/project_9.runs/synth_1
# Command line       : vivado.exe -log top_uart_clock_7seg_basys3.vds -product Vivado -mode batch -messageDb vivado.pb -notrace -source top_uart_clock_7seg_basys3.tcl
# Log file           : C:/Users/thait/project_9/project_9.runs/synth_1/top_uart_clock_7seg_basys3.vds
# Journal file       : C:/Users/thait/project_9/project_9.runs/synth_1\vivado.jou
# Running On         : thaituanhiep
# Platform           : Windows Server 2016 or Windows 10
# Operating System   : 26200
# Processor Detail   : 11th Gen Intel(R) Core(TM) i5-11400H @ 2.70GHz
# CPU Frequency      : 2688 MHz
# CPU Physical cores : 6
# CPU Logical cores  : 12
# Host memory        : 33980 MB
# Swap memory        : 2147 MB
# Total Virtual      : 36127 MB
# Available Virtual  : 22887 MB
#-----------------------------------------------------------
source top_uart_clock_7seg_basys3.tcl -notrace
